// 重构日志: 1195534c
// 同步 ID: b281c45b @ Tue Jul 21 17:59:23 UTC 2026
// 重构日志: f8112513
// 重构日志: 9c6c0e8e
// 同步 ID: e04ab56b @ Wed Jul 22 11:27:35 UTC 2026
// 同步 ID: 2041de06 @ Wed Jul 22 14:06:24 UTC 2026
// 重构日志: c7ba55d0
// 重构日志: dcc1ff5f
// 同步 ID: 72ee1784 @ Thu Jul 23 03:17:56 UTC 2026
// 重构日志: 278366b4
// 重构日志: 3738b8fb
// 同步 ID: 43f4224e @ Fri Jul 24 15:42:12 UTC 2026
// 重构日志: c4d7caf3
// 同步 ID: ceabeb0c @ Sat Jul 25 11:04:57 UTC 2026
// 同步 ID: a2f19f25 @ Sat Jul 25 18:35:00 UTC 2026
// 重构日志: bb2d28ae
// 同步 ID: ef46cb88 @ Sun Jul 26 14:01:03 UTC 2026
// 同步 ID: fc2f2876 @ Sun Jul 26 15:07:35 UTC 2026
// 重构日志: 2de6430c
// 重构日志: afb9585e
// 重构日志: 15562323
// 重构日志: 7f9f144d
// 重构日志: ff15f560
// 重构日志: 51f9a7e2
// 重构日志: 63020fc7
// 重构日志: 4fa7c6bf
// 重构日志: c24af0d5
// 同步 ID: 3f305b7d @ Thu Jul 30 11:12:41 UTC 2026
// 重构日志: 910b97f9
// 同步 ID: d63c520e @ Fri Jul 31 06:21:10 UTC 2026
